// Jest Snapshot v1, https://goo.gl/fbAQLP

exports[`Pruebas en <CounterApp/> should have the snapshot 1`] = `
<div>
  <h1>
    CounterApp
  </h1>
  <p>
    100
  </p>
  <button>
     +1 
  </button>
  <button>
     -1 
  </button>
  <button
    aria-label="btn-reset"
  >
     Reset 
  </button>
</div>
`;
