// Jest Snapshot v1, https://goo.gl/fbAQLP

exports[`Pruebas en <HTMLAPP/> should have the container 1`] = `undefined`;
